0 verbose cli C:\Program Files\nodejs\node.exe C:\Program Files\nodejs\node_modules\npm\bin\npm-cli.js
1 info using npm@11.16.0
2 info using node@v24.18.0
3 silly config load:file:C:\Program Files\nodejs\node_modules\npm\npmrc
4 silly config load:file:C:\Users\Worker2\work\EverywhereTVWeb_v2\.npmrc
5 silly config load:file:C:\Users\Worker2\.npmrc
6 silly config load:file:C:\Users\Worker2\AppData\Roaming\npm\etc\npmrc
7 verbose title npm pack hls.js@1.6.15
8 verbose argv "--cache" ".npm-cache" "pack" "hls.js@1.6.15"
9 verbose logfile logs-max:10 dir:C:\Users\Worker2\work\EverywhereTVWeb_v2\.npm-cache\_logs\2026-09-04T15_06_27_904Z-
10 verbose logfile C:\Users\Worker2\work\EverywhereTVWeb_v2\.npm-cache\_logs\2026-09-04T15_06_27_904Z-debug-0.log
11 silly logfile done cleaning log files
12 http fetch GET 200 https://registry.npmjs.org/hls.js 309ms (cache miss)
13 http fetch GET 200 https://registry.npmjs.org/hls.js 64ms (cache revalidated)
14 http fetch GET 200 https://registry.npmjs.org/hls.js/-/hls.js-1.6.15.tgz 581ms (cache miss)
15 notice
16 notice 📦  hls.js@1.6.15
17 notice Tarball Contents
18 notice 1.3kB LICENSE
18 notice 27.6kB README.md
18 notice 798.8kB dist/hls-demo.js
18 notice 1.6MB dist/hls-demo.js.map
18 notice 137.0kB dist/hls.d.mts
18 notice 137.0kB dist/hls.d.ts
18 notice 1.5MB dist/hls.js
18 notice 137.0kB dist/hls.js.d.ts
18 notice 3.1MB dist/hls.js.map
18 notice 979.0kB dist/hls.light.js
18 notice 2.1MB dist/hls.light.js.map
18 notice 353.7kB dist/hls.light.min.js
18 notice 1.6MB dist/hls.light.min.js.map
18 notice 865.8kB dist/hls.light.mjs
18 notice 2.0MB dist/hls.light.mjs.map
18 notice 541.9kB dist/hls.min.js
18 notice 2.4MB dist/hls.min.js.map
18 notice 1.3MB dist/hls.mjs
18 notice 3.0MB dist/hls.mjs.map
18 notice 102.9kB dist/hls.worker.js
18 notice 576.1kB dist/hls.worker.js.map
18 notice 5.7kB package.json
18 notice 24.4kB src/config.ts
18 notice 35.7kB src/controller/abr-controller.ts
18 notice 33.3kB src/controller/audio-stream-controller.ts
18 notice 13.5kB src/controller/audio-track-controller.ts
18 notice 14.0kB src/controller/base-playlist-controller.ts
18 notice 73.9kB src/controller/base-stream-controller.ts
18 notice 62.0kB src/controller/buffer-controller.ts
18 notice 4.2kB src/controller/buffer-operation-queue.ts
18 notice 9.6kB src/controller/cap-level-controller.ts
18 notice 10.8kB src/controller/cmcd-controller.ts
18 notice 19.5kB src/controller/content-steering-controller.ts
18 notice 54.0kB src/controller/eme-controller.ts
18 notice 20.8kB src/controller/error-controller.ts
18 notice 4.5kB src/controller/fps-controller.ts
18 notice 8.7kB src/controller/fragment-finders.ts
18 notice 16.9kB src/controller/fragment-tracker.ts
18 notice 24.2kB src/controller/gap-controller.ts
18 notice 15.2kB src/controller/id3-track-controller.ts
18 notice 8.3kB src/controller/interstitial-player.ts
18 notice 95.8kB src/controller/interstitials-controller.ts
18 notice 23.0kB src/controller/interstitials-schedule.ts
18 notice 8.6kB src/controller/latency-controller.ts
18 notice 23.7kB src/controller/level-controller.ts
18 notice 55.1kB src/controller/stream-controller.ts
18 notice 16.5kB src/controller/subtitle-stream-controller.ts
18 notice 18.0kB src/controller/subtitle-track-controller.ts
18 notice 26.4kB src/controller/timeline-controller.ts
18 notice 956B src/crypt/aes-crypto.ts
18 notice 9.4kB src/crypt/aes-decryptor.ts
18 notice 61B src/crypt/decrypter-aes-mode.ts
18 notice 6.9kB src/crypt/decrypter.ts
18 notice 870B src/crypt/fast-aes-key.ts
18 notice 714B src/define-plugin.d.ts
18 notice 2.5kB src/demux/audio/aacdemuxer.ts
18 notice 4.7kB src/demux/audio/ac3-demuxer.ts
18 notice 7.7kB src/demux/audio/adts.ts
18 notice 5.7kB src/demux/audio/base-audio-demuxer.ts
18 notice 772B src/demux/audio/dolby.ts
18 notice 2.4kB src/demux/audio/mp3demuxer.ts
18 notice 5.3kB src/demux/audio/mpegaudio.ts
18 notice 1.0kB src/demux/chunk-cache.ts
18 notice 263B src/demux/dummy-demuxed-track.ts
18 notice 2.0kB src/demux/inject-worker.ts
18 notice 7.1kB src/demux/mp4demuxer.ts
18 notice 5.1kB src/demux/sample-aes.ts
18 notice 13.0kB src/demux/transmuxer-interface.ts
18 notice 6.1kB src/demux/transmuxer-worker.ts
18 notice 16.5kB src/demux/transmuxer.ts
18 notice 32.1kB src/demux/tsdemuxer.ts
18 notice 12.2kB src/demux/video/avc-video-parser.ts
18 notice 6.2kB src/demux/video/base-video-parser.ts
18 notice 3.9kB src/demux/video/exp-golomb.ts
18 notice 24.4kB src/demux/video/hevc-video-parser.ts
18 notice 325B src/empty-es.js
18 notice 196B src/empty.js
18 notice 7.2kB src/errors.ts
18 notice 22.6kB src/events.ts
18 notice 46B src/exports-default.ts
18 notice 2.6kB src/exports-named.ts
18 notice 45.7kB src/hls.ts
18 notice 1.6kB src/is-supported.ts
18 notice 5.7kB src/loader/date-range.ts
18 notice 12.1kB src/loader/fragment-loader.ts
18 notice 13.7kB src/loader/fragment.ts
18 notice 4.4kB src/loader/interstitial-asset-list.ts
18 notice 8.9kB src/loader/interstitial-event.ts
18 notice 14.0kB src/loader/key-loader.ts
18 notice 5.7kB src/loader/level-details.ts
18 notice 8.5kB src/loader/level-key.ts
18 notice 521B src/loader/load-stats.ts
18 notice 34.5kB src/loader/m3u8-parser.ts
18 notice 24.5kB src/loader/playlist-loader.ts
18 notice 502B src/polyfills/number.ts
18 notice 3.6kB src/remux/aac-helper.ts
18 notice 29.9kB src/remux/mp4-generator.ts
18 notice 44.3kB src/remux/mp4-remuxer.ts
18 notice 13.3kB src/remux/passthrough-remuxer.ts
18 notice 4.2kB src/task-loop.ts
18 notice 2.5kB src/types/buffer.ts
18 notice 582B src/types/component-api.ts
18 notice 4.6kB src/types/demuxer.ts
18 notice 12.1kB src/types/events.ts
18 notice 732B src/types/fragment-tracker.ts
18 notice 7.4kB src/types/level.ts
18 notice 5.5kB src/types/loader.ts
18 notice 2.5kB src/types/media-playlist.ts
18 notice 2.4kB src/types/remuxer.ts
18 notice 274B src/types/track.ts
18 notice 1.2kB src/types/transmuxer.ts
18 notice 117B src/types/tuples.ts
18 notice 157B src/types/vtt.ts
18 notice 539B src/utils/arrays.ts
18 notice 5.4kB src/utils/attr-list.ts
18 notice 1.5kB src/utils/binary-search.ts
18 notice 5.2kB src/utils/buffer-helper.ts
18 notice 37.5kB src/utils/cea-608-parser.ts
18 notice 965B src/utils/chunker.ts
18 notice 8.3kB src/utils/codecs.ts
18 notice 3.0kB src/utils/cues.ts
18 notice 6.0kB src/utils/discontinuities.ts
18 notice 554B src/utils/encryption-methods-util.ts
18 notice 2.5kB src/utils/error-helper.ts
18 notice 374B src/utils/event-listener-helper.ts
18 notice 2.9kB src/utils/ewma-bandwidth-estimator.ts
18 notice 1.2kB src/utils/ewma.ts
18 notice 9.6kB src/utils/fetch-loader.ts
18 notice 138B src/utils/global.ts
18 notice 231B src/utils/hash.ts
18 notice 2.0kB src/utils/hdr.ts
18 notice 574B src/utils/hex.ts
18 notice 7.4kB src/utils/imsc1-ttml-parser.ts
18 notice 1.4kB src/utils/keysystem-util.ts
18 notice 19.1kB src/utils/level-helper.ts
18 notice 3.1kB src/utils/logger.ts
18 notice 1.6kB src/utils/media-option-attributes.ts
18 notice 9.5kB src/utils/mediacapabilities-helper.ts
18 notice 6.5kB src/utils/mediakeys-helper.ts
18 notice 1.1kB src/utils/mediasource-helper.ts
18 notice 43.5kB src/utils/mp4-tools.ts
18 notice 687B src/utils/numeric-encoding-utils.ts
18 notice 1.2kB src/utils/output-filter.ts
18 notice 16.4kB src/utils/rendition-helper.ts
18 notice 569B src/utils/safe-json-stringify.ts
18 notice 4.6kB src/utils/texttrack-utils.ts
18 notice 306B src/utils/time-ranges.ts
18 notice 1.3kB src/utils/timescale-conversion.ts
18 notice 720B src/utils/utf8-utils.ts
18 notice 3.1kB src/utils/variable-substitution.ts
18 notice 9.3kB src/utils/vttcue.ts
18 notice 14.3kB src/utils/vttparser.ts
18 notice 6.2kB src/utils/webvtt-parser.ts
18 notice 9.8kB src/utils/xhr-loader.ts
18 notice 36B src/version.ts
19 notice Tarball Details
20 notice name: hls.js
21 notice version: 1.6.15
22 notice filename: hls.js-1.6.15.tgz
23 notice package size: 5.9 MB
24 notice unpacked size: 24.7 MB
25 notice shasum: 9ce13080d143a9bc9b903fb43f081e335b8321e5
26 notice integrity: sha512-E3a5VwgXimGHw[...]+fCYPneGHC4VA==
27 notice total files: 155
28 notice
29 verbose cwd C:\Users\Worker2\work\EverywhereTVWeb_v2
30 verbose os Windows_NT 10.0.26200
31 verbose node v24.18.0
32 verbose npm  v11.16.0
33 verbose exit 0
34 info ok
